Determining if the function sgemm_ exists failed with the following output:
Change Dir: /home/justin/utfr_dv/src/mapping/external/g2o/CMakeFiles/CMakeTmp

Run Build Command(s):/usr/bin/gmake -f Makefile cmTC_5a8f1/fast && /usr/bin/gmake  -f CMakeFiles/cmTC_5a8f1.dir/build.make CMakeFiles/cmTC_5a8f1.dir/build
gmake[1]: Entering directory '/home/justin/utfr_dv/src/mapping/external/g2o/CMakeFiles/CMakeTmp'
Building C object CMakeFiles/cmTC_5a8f1.dir/CheckFunctionExists.c.o
/usr/bin/cc   -DCHECK_FUNCTION_EXISTS=sgemm_ -o CMakeFiles/cmTC_5a8f1.dir/CheckFunctionExists.c.o -c /usr/share/cmake-3.22/Modules/CheckFunctionExists.c
Linking C executable cmTC_5a8f1
/usr/bin/cmake -E cmake_link_script CMakeFiles/cmTC_5a8f1.dir/link.txt --verbose=1
/usr/bin/cc  -DCHECK_FUNCTION_EXISTS=sgemm_ CMakeFiles/cmTC_5a8f1.dir/CheckFunctionExists.c.o -o cmTC_5a8f1 
/usr/bin/ld: CMakeFiles/cmTC_5a8f1.dir/CheckFunctionExists.c.o: in function `main':
CheckFunctionExists.c:(.text+0x14): undefined reference to `sgemm_'
collect2: error: ld returned 1 exit status
gmake[1]: *** [CMakeFiles/cmTC_5a8f1.dir/build.make:99: cmTC_5a8f1] Error 1
gmake[1]: Leaving directory '/home/justin/utfr_dv/src/mapping/external/g2o/CMakeFiles/CMakeTmp'
gmake: *** [Makefile:127: cmTC_5a8f1/fast] Error 2



Determining if the function cheev_ exists failed with the following output:
Change Dir: /home/justin/utfr_dv/src/mapping/external/g2o/CMakeFiles/CMakeTmp

Run Build Command(s):/usr/bin/gmake -f Makefile cmTC_f6557/fast && /usr/bin/gmake  -f CMakeFiles/cmTC_f6557.dir/build.make CMakeFiles/cmTC_f6557.dir/build
gmake[1]: Entering directory '/home/justin/utfr_dv/src/mapping/external/g2o/CMakeFiles/CMakeTmp'
Building C object CMakeFiles/cmTC_f6557.dir/CheckFunctionExists.c.o
/usr/bin/cc   -DCHECK_FUNCTION_EXISTS=cheev_ -o CMakeFiles/cmTC_f6557.dir/CheckFunctionExists.c.o -c /usr/share/cmake-3.22/Modules/CheckFunctionExists.c
Linking C executable cmTC_f6557
/usr/bin/cmake -E cmake_link_script CMakeFiles/cmTC_f6557.dir/link.txt --verbose=1
/usr/bin/cc  -DCHECK_FUNCTION_EXISTS=cheev_ CMakeFiles/cmTC_f6557.dir/CheckFunctionExists.c.o -o cmTC_f6557  /usr/lib/x86_64-linux-gnu/libblas.so -lm -ldl 
/usr/bin/ld: CMakeFiles/cmTC_f6557.dir/CheckFunctionExists.c.o: in function `main':
CheckFunctionExists.c:(.text+0x14): undefined reference to `cheev_'
collect2: error: ld returned 1 exit status
gmake[1]: *** [CMakeFiles/cmTC_f6557.dir/build.make:100: cmTC_f6557] Error 1
gmake[1]: Leaving directory '/home/justin/utfr_dv/src/mapping/external/g2o/CMakeFiles/CMakeTmp'
gmake: *** [Makefile:127: cmTC_f6557/fast] Error 2



Determining if the function cheev_ exists failed with the following output:
Change Dir: /home/justin/utfr_dv/src/mapping/external/g2o/CMakeFiles/CMakeTmp

Run Build Command(s):/usr/bin/gmake -f Makefile cmTC_7ce72/fast && /usr/bin/gmake  -f CMakeFiles/cmTC_7ce72.dir/build.make CMakeFiles/cmTC_7ce72.dir/build
gmake[1]: Entering directory '/home/justin/utfr_dv/src/mapping/external/g2o/CMakeFiles/CMakeTmp'
Building C object CMakeFiles/cmTC_7ce72.dir/CheckFunctionExists.c.o
/usr/bin/cc   -DCHECK_FUNCTION_EXISTS=cheev_ -o CMakeFiles/cmTC_7ce72.dir/CheckFunctionExists.c.o -c /usr/share/cmake-3.22/Modules/CheckFunctionExists.c
Linking C executable cmTC_7ce72
/usr/bin/cmake -E cmake_link_script CMakeFiles/cmTC_7ce72.dir/link.txt --verbose=1
/usr/bin/cc  -DCHECK_FUNCTION_EXISTS=cheev_ CMakeFiles/cmTC_7ce72.dir/CheckFunctionExists.c.o -o cmTC_7ce72  /usr/lib/x86_64-linux-gnu/liblapack.so /usr/lib/x86_64-linux-gnu/libblas.so -fortranlibs 
cc: error: unrecognized command-line option ‘-fortranlibs’
gmake[1]: *** [CMakeFiles/cmTC_7ce72.dir/build.make:101: cmTC_7ce72] Error 1
gmake[1]: Leaving directory '/home/justin/utfr_dv/src/mapping/external/g2o/CMakeFiles/CMakeTmp'
gmake: *** [Makefile:127: cmTC_7ce72/fast] Error 2



